
npx : [WebServer] (node:2120) Warning: The 'NO_COLOR' env is ignored due to the 'FORCE_COLOR' env being set.
At line:1 char:368
+ ... anagement"; npx playwright test --reporter=line > e2e-run.log 2>&1; " ...
+                 ~~~~~~~~~~~~~~~~~~~~~~~~~~~~~~~~~~~~~~~~~~~~~~~~~~~~~~
    + CategoryInfo          : NotSpecified: ([WebServer] (no... env being set.:String) [], RemoteException
    + FullyQualifiedErrorId : NativeCommandError
 
[WebServer] (Use `node --trace-warnings ...` to show where the warning was created)
[WebServer] (node:12304) Warning: The 'NO_COLOR' env is ignored due to the 'FORCE_COLOR' env being set.
[WebServer] (Use `node --trace-warnings ...` to show where the warning was created)


Running 131 tests using 4 workers

[1/131] [setup] › e2e\auth.setup.ts:9:1 › authenticate
  1) [setup] › e2e\auth.setup.ts:9:1 › authenticate ────────────────────────────────────────────────

    Test timeout of 30000ms exceeded.

    Error: expect(locator).toBeVisible() failed

    Locator: getByRole('heading', { name: 'Dashboard' })
    Expected: visible
    Error: element(s) not found

    Call log:
      - Expect "toBeVisible" with timeout 5000ms
      - waiting for getByRole('heading', { name: 'Dashboard' })
      - Test timeout of 30000ms exceeded.


      13 |     await page.getByRole('button', { name: 'Sign in' }).click();
      14 |
    > 15 |     await expect(page.getByRole('heading', { name: 'Dashboard' })).toBeVisible();
         |                                                                    ^
      16 |
      17 |     await page.context().storageState({ path: AUTH_STATE });
      18 | });
        at D:\projects\herd\debora\deborah-matter-management\e2e\auth.setup.ts:15:68

    Error Context: test-results\auth.setup.ts-authenticate-setup\error-context.md


  1 failed
    [setup] › e2e\auth.setup.ts:9:1 › authenticate ─────────────────────────────────────────────────
  130 did not run
